00:00 +0: loading /Users/bramp/personal/wordclock/test/widget_test.dart                                                                                                                                00:00 +0: WordClock app smoke test                                                                                                                                                                     00:01 +0: WordClock app smoke test                                                                                                                                                                     00:01 +0: WordClock app smoke test
Rebuilding ClockFace... 2026-01-03 10:06:26.879218
══╡ EXCEPTION CAUGHT BY WIDGETS LIBRARY ╞═══════════════════════════════════════════════════════════
The following assertion was thrown building ListenableBuilder(listenable: Instance of
'SettingsController', dirty, state: _AnimatedState#1c807):
Programming Error: Word 'PO' not found in grid strictly after index 10. Full phrase: 'JEST PIĘĆ PO
DZIESIĄTEJ'
'package:wordclock/model/word_grid.dart':
Failed assertion: line 29 pos 11: 'false'

The relevant error-causing widget was:
  ListenableBuilder
  ListenableBuilder:file:///Users/bramp/personal/wordclock/lib/ui/clock_face.dart:132:12

When the exception was thrown, this was the stack:
#2      WordGrid.getIndices (package:wordclock/model/word_grid.dart:29:11)
#3      _ClockFaceState._recalculateIndices (package:wordclock/ui/clock_face.dart:65:27)
#4      _ClockFaceState.build.<anonymous closure> (package:wordclock/ui/clock_face.dart:143:9)
#5      ListenableBuilder.build (package:flutter/src/widgets/transitions.dart:1149:48)
#6      _AnimatedState.build (package:flutter/src/widgets/transitions.dart:139:48)
#7      StatefulElement.build (package:flutter/src/widgets/framework.dart:5934:27)
#8      ComponentElement.performRebuild (package:flutter/src/widgets/framework.dart:5820:15)
#9      StatefulElement.performRebuild (package:flutter/src/widgets/framework.dart:5985:11)
#10     Element.rebuild (package:flutter/src/widgets/framework.dart:5532:7)
#11     ComponentElement._firstBuild (package:flutter/src/widgets/framework.dart:5802:5)
#12     StatefulElement._firstBuild (package:flutter/src/widgets/framework.dart:5976:11)
#13     ComponentElement.mount (package:flutter/src/widgets/framework.dart:5796:5)
...     Normal element mounting (268 frames)
#281    Element.inflateWidget (package:flutter/src/widgets/framework.dart:4590:20)
#282    MultiChildRenderObjectElement.inflateWidget (package:flutter/src/widgets/framework.dart:7269:36)
#283    MultiChildRenderObjectElement.mount (package:flutter/src/widgets/framework.dart:7285:32)
...     Normal element mounting (479 frames)
#762    Element.inflateWidget (package:flutter/src/widgets/framework.dart:4590:20)
#763    Element.updateChild (package:flutter/src/widgets/framework.dart:4053:20)
#764    ComponentElement.performRebuild (package:flutter/src/widgets/framework.dart:5844:16)
#765    Element.rebuild (package:flutter/src/widgets/framework.dart:5532:7)
#766    ProxyElement.update (package:flutter/src/widgets/framework.dart:6152:5)
#767    _InheritedNotifierElement.update (package:flutter/src/widgets/inherited_notifier.dart:108:11)
#768    Element.updateChild (package:flutter/src/widgets/framework.dart:4037:15)
#769    ComponentElement.performRebuild (package:flutter/src/widgets/framework.dart:5844:16)
#770    StatefulElement.performRebuild (package:flutter/src/widgets/framework.dart:5985:11)
#771    Element.rebuild (package:flutter/src/widgets/framework.dart:5532:7)
#772    StatefulElement.update (package:flutter/src/widgets/framework.dart:6010:5)
#773    Element.updateChild (package:flutter/src/widgets/framework.dart:4037:15)
#774    ComponentElement.performRebuild (package:flutter/src/widgets/framework.dart:5844:16)
#775    Element.rebuild (package:flutter/src/widgets/framework.dart:5532:7)
#776    ProxyElement.update (package:flutter/src/widgets/framework.dart:6152:5)
#777    _InheritedNotifierElement.update (package:flutter/src/widgets/inherited_notifier.dart:108:11)
#778    Element.updateChild (package:flutter/src/widgets/framework.dart:4037:15)
#779    ComponentElement.performRebuild (package:flutter/src/widgets/framework.dart:5844:16)
#780    StatefulElement.performRebuild (package:flutter/src/widgets/framework.dart:5985:11)
#781    Element.rebuild (package:flutter/src/widgets/framework.dart:5532:7)
#782    StatefulElement.update (package:flutter/src/widgets/framework.dart:6010:5)
#783    Element.updateChild (package:flutter/src/widgets/framework.dart:4037:15)
#784    ComponentElement.performRebuild (package:flutter/src/widgets/framework.dart:5844:16)
#785    StatefulElement.performRebuild (package:flutter/src/widgets/framework.dart:5985:11)
#786    Element.rebuild (package:flutter/src/widgets/framework.dart:5532:7)
#787    StatefulElement.update (package:flutter/src/widgets/framework.dart:6010:5)
#788    Element.updateChild (package:flutter/src/widgets/framework.dart:4037:15)
#789    ComponentElement.performRebuild (package:flutter/src/widgets/framework.dart:5844:16)
#790    Element.rebuild (package:flutter/src/widgets/framework.dart:5532:7)
#791    ProxyElement.update (package:flutter/src/widgets/framework.dart:6152:5)
#792    Element.updateChild (package:flutter/src/widgets/framework.dart:4037:15)
#793    ComponentElement.performRebuild (package:flutter/src/widgets/framework.dart:5844:16)
#794    StatefulElement.performRebuild (package:flutter/src/widgets/framework.dart:5985:11)
#795    Element.rebuild (package:flutter/src/widgets/framework.dart:5532:7)
#796    StatefulElement.update (package:flutter/src/widgets/framework.dart:6010:5)
#797    Element.updateChild (package:flutter/src/widgets/framework.dart:4037:15)
#798    ComponentElement.performRebuild (package:flutter/src/widgets/framework.dart:5844:16)
#799    Element.rebuild (package:flutter/src/widgets/framework.dart:5532:7)
#800    ProxyElement.update (package:flutter/src/widgets/framework.dart:6152:5)
#801    Element.updateChild (package:flutter/src/widgets/framework.dart:4037:15)
#802    ComponentElement.performRebuild (package:flutter/src/widgets/framework.dart:5844:16)
#803    Element.rebuild (package:flutter/src/widgets/framework.dart:5532:7)
#804    ProxyElement.update (package:flutter/src/widgets/framework.dart:6152:5)
#805    Element.updateChild (package:flutter/src/widgets/framework.dart:4037:15)
#806    _RawViewElement._updateChild (package:flutter/src/widgets/view.dart:481:16)
#807    _RawViewElement.update (package:flutter/src/widgets/view.dart:568:5)
#808    Element.updateChild (package:flutter/src/widgets/framework.dart:4037:15)
#809    ComponentElement.performRebuild (package:flutter/src/widgets/framework.dart:5844:16)
#810    Element.rebuild (package:flutter/src/widgets/framework.dart:5532:7)
#811    StatelessElement.update (package:flutter/src/widgets/framework.dart:5898:5)
#812    Element.updateChild (package:flutter/src/widgets/framework.dart:4037:15)
#813    ComponentElement.performRebuild (package:flutter/src/widgets/framework.dart:5844:16)
#814    StatefulElement.performRebuild (package:flutter/src/widgets/framework.dart:5985:11)
#815    Element.rebuild (package:flutter/src/widgets/framework.dart:5532:7)
#816    StatefulElement.update (package:flutter/src/widgets/framework.dart:6010:5)
#817    Element.updateChild (package:flutter/src/widgets/framework.dart:4037:15)
#818    RootElement._rebuild (package:flutter/src/widgets/binding.dart:1782:16)
#819    RootElement.update (package:flutter/src/widgets/binding.dart:1760:5)
#820    RootElement.performRebuild (package:flutter/src/widgets/binding.dart:1774:7)
#821    Element.rebuild (package:flutter/src/widgets/framework.dart:5532:7)
#822    BuildScope._tryRebuild (package:flutter/src/widgets/framework.dart:2750:15)
#823    BuildScope._flushDirtyElements (package:flutter/src/widgets/framework.dart:2807:11)
#824    BuildOwner.buildScope (package:flutter/src/widgets/framework.dart:3111:18)
#825    AutomatedTestWidgetsFlutterBinding.drawFrame (package:flutter_test/src/binding.dart:1506:19)
#826    RendererBinding._handlePersistentFrameCallback (package:flutter/src/rendering/binding.dart:495:5)
#827    SchedulerBinding._invokeFrameCallback (package:flutter/src/scheduler/binding.dart:1434:15)
#828    SchedulerBinding.handleDrawFrame (package:flutter/src/scheduler/binding.dart:1347:9)
#829    AutomatedTestWidgetsFlutterBinding.pump.<anonymous closure> (package:flutter_test/src/binding.dart:1335:9)
#832    TestAsyncUtils.guard (package:flutter_test/src/test_async_utils.dart:74:41)
#833    AutomatedTestWidgetsFlutterBinding.pump (package:flutter_test/src/binding.dart:1324:27)
#834    WidgetTester.pumpWidget.<anonymous closure> (package:flutter_test/src/widget_tester.dart:598:22)
#837    TestAsyncUtils.guard (package:flutter_test/src/test_async_utils.dart:74:41)
#838    WidgetTester.pumpWidget (package:flutter_test/src/widget_tester.dart:595:27)
#839    main.<anonymous closure> (file:///Users/bramp/personal/wordclock/test/widget_test.dart:11:18)
#840    testWidgets.<anonymous closure>.<anonymous closure> (package:flutter_test/src/widget_tester.dart:192:29)
<asynchronous suspension>
#841    TestWidgetsFlutterBinding._runTestBody (package:flutter_test/src/binding.dart:1059:5)
<asynchronous suspension>
<asynchronous suspension>
(elided 7 frames from class _AssertionError, dart:async, and package:stack_trace)

════════════════════════════════════════════════════════════════════════════════════════════════════
00:01 +0 -1: WordClock app smoke test [E]
  Test failed. See exception logs above.
  The test description was: WordClock app smoke test


To run this test again: /opt/homebrew/share/flutter/bin/cache/dart-sdk/bin/dart test /Users/bramp/personal/wordclock/test/widget_test.dart -p vm --plain-name 'WordClock app smoke test'
00:01 +0 -1: Some tests failed.
